// Jest Snapshot v1, https://goo.gl/fbAQLP

exports[`outputs should properly generate aggregate classes for model with lowercase name: AggregateExample 1`] = `
"import * as TypeGraphQL from \\"type-graphql\\";
import GraphQLJSON from \\"graphql-type-json\\";
import { JsonValue, InputJsonValue } from \\"../../../../helpers/prisma-client-mock\\";
import { AggregateExampleCountArgs } from \\"./args/AggregateExampleCountArgs\\";

@TypeGraphQL.ObjectType({
  isAbstract: true,
  description: undefined,
})
export class AggregateExample {
  @TypeGraphQL.Field(_type => TypeGraphQL.Int, {
    nullable: false,
    description: undefined
  })
  count(@TypeGraphQL.Ctx() ctx: any, @TypeGraphQL.Args() args: AggregateExampleCountArgs) {
    return ctx.prisma.example.count(args);
  }
}
"
`;

exports[`outputs should properly generate aggregate classes for model with lowercase name: AggregateExampleCountArgs 1`] = `
"import * as TypeGraphQL from \\"type-graphql\\";
import GraphQLJSON from \\"graphql-type-json\\";
import { ExampleOrderByInput } from \\"../../inputs/ExampleOrderByInput\\";
import { ExampleWhereInput } from \\"../../inputs/ExampleWhereInput\\";
import { ExampleWhereUniqueInput } from \\"../../inputs/ExampleWhereUniqueInput\\";

@TypeGraphQL.ArgsType()
export class AggregateExampleCountArgs {
  @TypeGraphQL.Field(_type => ExampleWhereInput, { nullable: true })
  where?: ExampleWhereInput | undefined;

  @TypeGraphQL.Field(_type => ExampleOrderByInput, { nullable: true })
  orderBy?: ExampleOrderByInput | undefined;

  @TypeGraphQL.Field(_type => ExampleWhereUniqueInput, { nullable: true })
  cursor?: ExampleWhereUniqueInput | undefined;

  @TypeGraphQL.Field(_type => TypeGraphQL.Int, { nullable: true })
  take?: number | undefined;

  @TypeGraphQL.Field(_type => TypeGraphQL.Int, { nullable: true })
  skip?: number | undefined;
}
"
`;

exports[`outputs should properly generate aggregate classes for model with lowercase name: outputs args index 1`] = `
"export { AggregateExampleCountArgs } from \\"./AggregateExampleCountArgs\\";
"
`;

exports[`outputs should properly generate aggregate classes for model with lowercase name: outputs index 1`] = `
"export { AggregateExample } from \\"./AggregateExample\\";
export { BatchPayload } from \\"./BatchPayload\\";
export * from \\"./args\\";
"
`;

exports[`outputs should properly generate aggregate classes for renamed model: AggregateExample 1`] = `
"import * as TypeGraphQL from \\"type-graphql\\";
import GraphQLJSON from \\"graphql-type-json\\";
import { JsonValue, InputJsonValue } from \\"../../../../helpers/prisma-client-mock\\";
import { AggregateExampleCountArgs } from \\"./args/AggregateExampleCountArgs\\";

@TypeGraphQL.ObjectType({
  isAbstract: true,
  description: undefined,
})
export class AggregateExample {
  @TypeGraphQL.Field(_type => TypeGraphQL.Int, {
    nullable: false,
    description: undefined
  })
  count(@TypeGraphQL.Ctx() ctx: any, @TypeGraphQL.Args() args: AggregateExampleCountArgs) {
    return ctx.prisma.sample.count(args);
  }
}
"
`;

exports[`outputs should properly generate aggregate classes for renamed model: AggregateExampleCountArgs 1`] = `
"import * as TypeGraphQL from \\"type-graphql\\";
import GraphQLJSON from \\"graphql-type-json\\";
import { ExampleOrderByInput } from \\"../../inputs/ExampleOrderByInput\\";
import { ExampleWhereInput } from \\"../../inputs/ExampleWhereInput\\";
import { ExampleWhereUniqueInput } from \\"../../inputs/ExampleWhereUniqueInput\\";

@TypeGraphQL.ArgsType()
export class AggregateExampleCountArgs {
  @TypeGraphQL.Field(_type => ExampleWhereInput, { nullable: true })
  where?: ExampleWhereInput | undefined;

  @TypeGraphQL.Field(_type => ExampleOrderByInput, { nullable: true })
  orderBy?: ExampleOrderByInput | undefined;

  @TypeGraphQL.Field(_type => ExampleWhereUniqueInput, { nullable: true })
  cursor?: ExampleWhereUniqueInput | undefined;

  @TypeGraphQL.Field(_type => TypeGraphQL.Int, { nullable: true })
  take?: number | undefined;

  @TypeGraphQL.Field(_type => TypeGraphQL.Int, { nullable: true })
  skip?: number | undefined;
}
"
`;

exports[`outputs should properly generate aggregate classes for renamed model: outputs args index 1`] = `
"export { AggregateExampleCountArgs } from \\"./AggregateExampleCountArgs\\";
"
`;

exports[`outputs should properly generate aggregate classes for renamed model: outputs index 1`] = `
"export { AggregateExample } from \\"./AggregateExample\\";
export { BatchPayload } from \\"./BatchPayload\\";
export * from \\"./args\\";
"
`;

exports[`outputs should properly generate args type classes for aggregate: AggregateSampleCountArgs 1`] = `
"import * as TypeGraphQL from \\"type-graphql\\";
import GraphQLJSON from \\"graphql-type-json\\";
import { SampleOrderByInput } from \\"../../inputs/SampleOrderByInput\\";
import { SampleWhereInput } from \\"../../inputs/SampleWhereInput\\";
import { SampleWhereUniqueInput } from \\"../../inputs/SampleWhereUniqueInput\\";

@TypeGraphQL.ArgsType()
export class AggregateSampleCountArgs {
  @TypeGraphQL.Field(_type => SampleWhereInput, { nullable: true })
  where?: SampleWhereInput | undefined;

  @TypeGraphQL.Field(_type => SampleOrderByInput, { nullable: true })
  orderBy?: SampleOrderByInput | undefined;

  @TypeGraphQL.Field(_type => SampleWhereUniqueInput, { nullable: true })
  cursor?: SampleWhereUniqueInput | undefined;

  @TypeGraphQL.Field(_type => TypeGraphQL.Int, { nullable: true })
  take?: number | undefined;

  @TypeGraphQL.Field(_type => TypeGraphQL.Int, { nullable: true })
  skip?: number | undefined;
}
"
`;

exports[`outputs should properly generate args type classes for aggregate: outputs args index 1`] = `
"export { AggregateSampleCountArgs } from \\"./AggregateSampleCountArgs\\";
"
`;

exports[`outputs should properly generate output type classes: AggregateSample 1`] = `
"import * as TypeGraphQL from \\"type-graphql\\";
import GraphQLJSON from \\"graphql-type-json\\";
import { JsonValue, InputJsonValue } from \\"../../../../helpers/prisma-client-mock\\";
import { AggregateSampleCountArgs } from \\"./args/AggregateSampleCountArgs\\";

@TypeGraphQL.ObjectType({
  isAbstract: true,
  description: undefined,
})
export class AggregateSample {
  @TypeGraphQL.Field(_type => TypeGraphQL.Int, {
    nullable: false,
    description: undefined
  })
  count(@TypeGraphQL.Ctx() ctx: any, @TypeGraphQL.Args() args: AggregateSampleCountArgs) {
    return ctx.prisma.sample.count(args);
  }
}
"
`;

exports[`outputs should properly generate output type classes: BatchPayload 1`] = `
"import * as TypeGraphQL from \\"type-graphql\\";
import GraphQLJSON from \\"graphql-type-json\\";
import { JsonValue, InputJsonValue } from \\"../../../../helpers/prisma-client-mock\\";

@TypeGraphQL.ObjectType({
  isAbstract: true,
  description: undefined,
})
export class BatchPayload {
  @TypeGraphQL.Field(_type => TypeGraphQL.Int, {
    nullable: false,
    description: undefined
  })
  count!: number;
}
"
`;

exports[`outputs should properly generate output type classes: outputs index 1`] = `
"export { AggregateSample } from \\"./AggregateSample\\";
export { BatchPayload } from \\"./BatchPayload\\";
export * from \\"./args\\";
"
`;
