// Jest Snapshot v1, https://goo.gl/fbAQLP

exports[`generator integration should be able to use generate TypeGraphQL classes files to generate GraphQL schema: graphQLSchemaSDL 1`] = `
"# -----------------------------------------------
# !!! THIS FILE WAS GENERATED BY TYPE-GRAPHQL !!!
# !!!   DO NOT MODIFY THIS FILE BY YOURSELF   !!!
# -----------------------------------------------

type AggregatePost {
  count(cursor: PostWhereUniqueInput, orderBy: PostOrderByInput, skip: Int, take: Int, where: PostWhereInput): Int!
}

type AggregateUser {
  count(cursor: UserWhereUniqueInput, orderBy: UserOrderByInput, skip: Int, take: Int, where: UserWhereInput): Int!
}

type BatchPayload {
  count: Int!
}

enum Color {
  BLUE
  GREEN
  RED
}

input ColorFilter {
  equals: Color
  in: [Color!]
  not: Color
  notIn: [Color!]
}

input IntFilter {
  equals: Int
  gt: Int
  gte: Int
  in: [Int!]
  lt: Int
  lte: Int
  not: Int
  notIn: [Int!]
}

type Mutation {
  createPost(data: PostCreateInput!): Post!
  createUser(data: UserCreateInput!): User!
  deleteManyPost(where: PostWhereInput): BatchPayload!
  deleteManyUser(where: UserWhereInput): BatchPayload!
  deletePost(where: PostWhereUniqueInput!): Post
  deleteUser(where: UserWhereUniqueInput!): User
  updateManyPost(data: PostUpdateManyMutationInput!, where: PostWhereInput): BatchPayload!
  updateManyUser(data: UserUpdateManyMutationInput!, where: UserWhereInput): BatchPayload!
  updatePost(data: PostUpdateInput!, where: PostWhereUniqueInput!): Post
  updateUser(data: UserUpdateInput!, where: UserWhereUniqueInput!): User
  upsertPost(create: PostCreateInput!, update: PostUpdateInput!, where: PostWhereUniqueInput!): Post!
  upsertUser(create: UserCreateInput!, update: UserUpdateInput!, where: UserWhereUniqueInput!): User!
}

input NullableStringFilter {
  contains: String
  endsWith: String
  equals: String
  gt: String
  gte: String
  in: [String!]
  lt: String
  lte: String
  not: String
  notIn: [String!]
  startsWith: String
}

enum OrderByArg {
  asc
  desc
}

type Post {
  author: User!
  authorId: Int!
  color: Color!
  content: String!
  uuid: String!
}

input PostCreateInput {
  author: UserCreateOneWithoutPostsInput!
  color: Color!
  content: String!
  uuid: String
}

input PostCreateManyWithoutAuthorInput {
  connect: [PostWhereUniqueInput!]
  create: [PostCreateWithoutAuthorInput!]
}

input PostCreateWithoutAuthorInput {
  color: Color!
  content: String!
  uuid: String
}

input PostFilter {
  every: PostWhereInput
  none: PostWhereInput
  some: PostWhereInput
}

input PostOrderByInput {
  authorId: OrderByArg
  color: OrderByArg
  content: OrderByArg
  uuid: OrderByArg
}

input PostScalarWhereInput {
  AND: [PostScalarWhereInput!]
  authorId: IntFilter
  color: ColorFilter
  content: StringFilter
  NOT: [PostScalarWhereInput!]
  OR: [PostScalarWhereInput!]
  uuid: StringFilter
}

input PostUpdateInput {
  author: UserUpdateOneRequiredWithoutPostsInput
  color: Color
  content: String
  uuid: String
}

input PostUpdateManyDataInput {
  color: Color
  content: String
  uuid: String
}

input PostUpdateManyMutationInput {
  color: Color
  content: String
  uuid: String
}

input PostUpdateManyWithoutAuthorInput {
  connect: [PostWhereUniqueInput!]
  create: [PostCreateWithoutAuthorInput!]
  delete: [PostWhereUniqueInput!]
  deleteMany: [PostScalarWhereInput!]
  disconnect: [PostWhereUniqueInput!]
  set: [PostWhereUniqueInput!]
  update: [PostUpdateWithWhereUniqueWithoutAuthorInput!]
  updateMany: [PostUpdateManyWithWhereNestedInput!]
  upsert: [PostUpsertWithWhereUniqueWithoutAuthorInput!]
}

input PostUpdateManyWithWhereNestedInput {
  data: PostUpdateManyDataInput!
  where: PostScalarWhereInput!
}

input PostUpdateWithoutAuthorDataInput {
  color: Color
  content: String
  uuid: String
}

input PostUpdateWithWhereUniqueWithoutAuthorInput {
  data: PostUpdateWithoutAuthorDataInput!
  where: PostWhereUniqueInput!
}

input PostUpsertWithWhereUniqueWithoutAuthorInput {
  create: PostCreateWithoutAuthorInput!
  update: PostUpdateWithoutAuthorDataInput!
  where: PostWhereUniqueInput!
}

input PostWhereInput {
  AND: [PostWhereInput!]
  author: UserWhereInput
  authorId: IntFilter
  color: ColorFilter
  content: StringFilter
  NOT: [PostWhereInput!]
  OR: [PostWhereInput!]
  uuid: StringFilter
}

input PostWhereUniqueInput {
  uuid: String
}

type Query {
  aggregatePost: AggregatePost!
  aggregateUser: AggregateUser!
  post(where: PostWhereUniqueInput!): Post
  posts(cursor: PostWhereUniqueInput, orderBy: PostOrderByInput, skip: Int, take: Int, where: PostWhereInput): [Post!]!
  user(where: UserWhereUniqueInput!): User
  users(cursor: UserWhereUniqueInput, orderBy: UserOrderByInput, skip: Int, take: Int, where: UserWhereInput): [User!]!
}

input StringFilter {
  contains: String
  endsWith: String
  equals: String
  gt: String
  gte: String
  in: [String!]
  lt: String
  lte: String
  not: String
  notIn: [String!]
  startsWith: String
}

type User {
  id: Int!
  name: String
  posts(cursor: PostWhereUniqueInput, orderBy: PostOrderByInput, skip: Int, take: Int, where: PostWhereInput): [Post!]
}

input UserCreateInput {
  name: String
  posts: PostCreateManyWithoutAuthorInput
}

input UserCreateOneWithoutPostsInput {
  connect: UserWhereUniqueInput
  create: UserCreateWithoutPostsInput
}

input UserCreateWithoutPostsInput {
  name: String
}

input UserOrderByInput {
  id: OrderByArg
  name: OrderByArg
}

input UserUpdateInput {
  id: Int
  name: String
  posts: PostUpdateManyWithoutAuthorInput
}

input UserUpdateManyMutationInput {
  id: Int
  name: String
}

input UserUpdateOneRequiredWithoutPostsInput {
  connect: UserWhereUniqueInput
  create: UserCreateWithoutPostsInput
  update: UserUpdateWithoutPostsDataInput
  upsert: UserUpsertWithoutPostsInput
}

input UserUpdateWithoutPostsDataInput {
  id: Int
  name: String
}

input UserUpsertWithoutPostsInput {
  create: UserCreateWithoutPostsInput!
  update: UserUpdateWithoutPostsDataInput!
}

input UserWhereInput {
  AND: [UserWhereInput!]
  id: IntFilter
  name: NullableStringFilter
  NOT: [UserWhereInput!]
  OR: [UserWhereInput!]
  posts: PostFilter
}

input UserWhereUniqueInput {
  id: Int
}
"
`;

exports[`generator integration should generates TypeGraphQL classes files to output folder by running \`prisma generate\`: files structure 1`] = `
"
[type-graphql]
  [enums]
    Color.ts
    OrderByArg.ts
    index.ts
  index.ts
  [models]
    Post.ts
    User.ts
    index.ts
  [resolvers]
    [crud]
      [Post]
        AggregatePostResolver.ts
        CreatePostResolver.ts
        DeleteManyPostResolver.ts
        DeletePostResolver.ts
        FindManyPostResolver.ts
        FindOnePostResolver.ts
        PostCrudResolver.ts
        UpdateManyPostResolver.ts
        UpdatePostResolver.ts
        UpsertPostResolver.ts
        [args]
          CreatePostArgs.ts
          DeleteManyPostArgs.ts
          DeletePostArgs.ts
          FindManyPostArgs.ts
          FindOnePostArgs.ts
          UpdateManyPostArgs.ts
          UpdatePostArgs.ts
          UpsertPostArgs.ts
          index.ts
      [User]
        AggregateUserResolver.ts
        CreateUserResolver.ts
        DeleteManyUserResolver.ts
        DeleteUserResolver.ts
        FindManyUserResolver.ts
        FindOneUserResolver.ts
        UpdateManyUserResolver.ts
        UpdateUserResolver.ts
        UpsertUserResolver.ts
        UserCrudResolver.ts
        [args]
          CreateUserArgs.ts
          DeleteManyUserArgs.ts
          DeleteUserArgs.ts
          FindManyUserArgs.ts
          FindOneUserArgs.ts
          UpdateManyUserArgs.ts
          UpdateUserArgs.ts
          UpsertUserArgs.ts
          index.ts
      index.ts
    [inputs]
      ColorFilter.ts
      IntFilter.ts
      NullableStringFilter.ts
      PostCreateInput.ts
      PostCreateManyWithoutAuthorInput.ts
      PostCreateWithoutAuthorInput.ts
      PostFilter.ts
      PostOrderByInput.ts
      PostScalarWhereInput.ts
      PostUpdateInput.ts
      PostUpdateManyDataInput.ts
      PostUpdateManyMutationInput.ts
      PostUpdateManyWithWhereNestedInput.ts
      PostUpdateManyWithoutAuthorInput.ts
      PostUpdateWithWhereUniqueWithoutAuthorInput.ts
      PostUpdateWithoutAuthorDataInput.ts
      PostUpsertWithWhereUniqueWithoutAuthorInput.ts
      PostWhereInput.ts
      PostWhereUniqueInput.ts
      StringFilter.ts
      UserCreateInput.ts
      UserCreateOneWithoutPostsInput.ts
      UserCreateWithoutPostsInput.ts
      UserOrderByInput.ts
      UserUpdateInput.ts
      UserUpdateManyMutationInput.ts
      UserUpdateOneRequiredWithoutPostsInput.ts
      UserUpdateWithoutPostsDataInput.ts
      UserUpsertWithoutPostsInput.ts
      UserWhereInput.ts
      UserWhereUniqueInput.ts
      index.ts
    [outputs]
      AggregatePost.ts
      AggregateUser.ts
      BatchPayload.ts
      [args]
        AggregatePostCountArgs.ts
        AggregateUserCountArgs.ts
        index.ts
      index.ts
    [relations]
      [Post]
        PostRelationsResolver.ts
      [User]
        UserRelationsResolver.ts
        [args]
          UserPostsArgs.ts
          index.ts
      index.ts
"
`;

exports[`generator integration should properly fetch the data from DB using PrismaClient while queried by GraphQL schema: graphql data 1`] = `
Object {
  "users": Array [
    Object {
      "id": 1,
      "name": "test1",
      "posts": Array [],
    },
    Object {
      "id": 2,
      "name": "test2",
      "posts": Array [
        Object {
          "author": Object {
            "name": "test2",
          },
          "color": "RED",
          "content": "post content",
        },
      ],
    },
  ],
}
`;
