// Jest Snapshot v1, https://goo.gl/fbAQLP

exports[`picking prisma actions should expose in GraphQL schema only actions chosen by single resolvers: graphQLSchemaSDL 1`] = `
"# -----------------------------------------------
# !!! THIS FILE WAS GENERATED BY TYPE-GRAPHQL !!!
# !!!   DO NOT MODIFY THIS FILE BY YOURSELF   !!!
# -----------------------------------------------

\\"\\"\\"
The javascript \`Date\` as string. Type represents date and time as the ISO Date string.
\\"\\"\\"
scalar DateTime

input DateTimeFilter {
  equals: DateTime
  gt: DateTime
  gte: DateTime
  in: [DateTime!]
  lt: DateTime
  lte: DateTime
  not: NestedDateTimeFilter
  notIn: [DateTime!]
}

input IntFilter {
  equals: Int
  gt: Int
  gte: Int
  in: [Int!]
  lt: Int
  lte: Int
  not: NestedIntFilter
  notIn: [Int!]
}

type Mutation {
  createUser(data: UserCreateInput!): User!
}

input NestedDateTimeFilter {
  equals: DateTime
  gt: DateTime
  gte: DateTime
  in: [DateTime!]
  lt: DateTime
  lte: DateTime
  not: NestedDateTimeFilter
  notIn: [DateTime!]
}

input NestedIntFilter {
  equals: Int
  gt: Int
  gte: Int
  in: [Int!]
  lt: Int
  lte: Int
  not: NestedIntFilter
  notIn: [Int!]
}

input NestedStringFilter {
  contains: String
  endsWith: String
  equals: String
  gt: String
  gte: String
  in: [String!]
  lt: String
  lte: String
  not: NestedStringFilter
  notIn: [String!]
  startsWith: String
}

input NestedStringNullableFilter {
  contains: String
  endsWith: String
  equals: String
  gt: String
  gte: String
  in: [String!]
  lt: String
  lte: String
  not: NestedStringNullableFilter
  notIn: [String!]
  startsWith: String
}

type Query {
  users(cursor: UserWhereUniqueInput, distinct: [UserDistinctFieldEnum!], orderBy: [UserOrderByInput!], skip: Int, take: Int, where: UserWhereInput): [User!]!
}

enum QueryMode {
  default
  insensitive
}

enum SortOrder {
  asc
  desc
}

input StringFilter {
  contains: String
  endsWith: String
  equals: String
  gt: String
  gte: String
  in: [String!]
  lt: String
  lte: String
  mode: QueryMode
  not: NestedStringFilter
  notIn: [String!]
  startsWith: String
}

input StringNullableFilter {
  contains: String
  endsWith: String
  equals: String
  gt: String
  gte: String
  in: [String!]
  lt: String
  lte: String
  mode: QueryMode
  not: NestedStringNullableFilter
  notIn: [String!]
  startsWith: String
}

type User {
  dateField: DateTime!
  intIdField: Int!
  optionalStringField: String
  uniqueStringField: String!
}

input UserCreateInput {
  dateField: DateTime!
  optionalStringField: String
  uniqueStringField: String!
}

enum UserDistinctFieldEnum {
  dateField
  intIdField
  optionalStringField
  uniqueStringField
}

input UserOrderByInput {
  dateField: SortOrder
  intIdField: SortOrder
  optionalStringField: SortOrder
  uniqueStringField: SortOrder
}

input UserWhereInput {
  AND: [UserWhereInput!]
  dateField: DateTimeFilter
  intIdField: IntFilter
  NOT: [UserWhereInput!]
  optionalStringField: StringNullableFilter
  OR: [UserWhereInput!]
  uniqueStringField: StringFilter
}

input UserWhereUniqueInput {
  intIdField: Int
  uniqueStringField: String
}
"
`;
