// Jest Snapshot v1, https://goo.gl/fbAQLP

exports[`enums should properly generate code for enum with docs 1`] = `
"import { Arg, Args, ArgsType, Ctx, Field, FieldResolver, Float, ID, InputType, Int, Mutation, ObjectType, Query, Resolver, Root, registerEnumType } from \\"type-graphql\\";

/** Role enum doc */
export enum Role {
  USER = \\"USER\\",
  ADMIN = \\"ADMIN\\"
}
registerEnumType(Role, {
  name: \\"Role\\",
  description: \\"Role enum doc\\",
});
"
`;

exports[`enums should properly generate code for normal enum 1`] = `
"import { Arg, Args, ArgsType, Ctx, Field, FieldResolver, Float, ID, InputType, Int, Mutation, ObjectType, Query, Resolver, Root, registerEnumType } from \\"type-graphql\\";

export enum Color {
  Red = \\"Red\\",
  Green = \\"Green\\",
  Blue = \\"Blue\\"
}
registerEnumType(Color, {
  name: \\"Color\\",
  description: undefined,
});
"
`;
